========== TRAIN MRI BRANCH ==========
Project root: /N/project/SingleCell_Image/Ronak/Project_folder
Device: cuda
GPU: Tesla V100-PCIE-32GB
======================================

========== MRI BRANCH INPUT ==========
Total MRI subjects: 1,495
diagnosis       AD   CN
mri_cohort             
MRI_only       546  660
Paired_GE_MRI   85  204

Split counts:
diagnosis    AD   CN
split               
Test         95  130
Train       441  605
Validation   95  129

Split counts by MRI cohort:
diagnosis                  AD   CN
split      mri_cohort             
Test       MRI_only        82   99
           Paired_GE_MRI   13   31
Train      MRI_only       382  462
           Paired_GE_MRI   59  143
Validation MRI_only        82   99
           Paired_GE_MRI   13   30
======================================

Epoch 001 | train loss 0.7063 | val loss 0.7180 | val AUC 0.675 | val balanced acc 0.500
Epoch 002 | train loss 0.6930 | val loss 0.6909 | val AUC 0.709 | val balanced acc 0.500
Epoch 003 | train loss 0.6937 | val loss 0.6949 | val AUC 0.730 | val balanced acc 0.500
Epoch 004 | train loss 0.6939 | val loss 0.6887 | val AUC 0.701 | val balanced acc 0.500
Epoch 005 | train loss 0.6918 | val loss 0.6857 | val AUC 0.726 | val balanced acc 0.500
Epoch 006 | train loss 0.6760 | val loss 0.6675 | val AUC 0.734 | val balanced acc 0.519
Epoch 007 | train loss 0.6254 | val loss 0.6395 | val AUC 0.730 | val balanced acc 0.666
Epoch 008 | train loss 0.6356 | val loss 0.6483 | val AUC 0.734 | val balanced acc 0.689
Epoch 009 | train loss 0.5939 | val loss 0.6161 | val AUC 0.733 | val balanced acc 0.652
Epoch 010 | train loss 0.5792 | val loss 0.6212 | val AUC 0.727 | val balanced acc 0.655
Epoch 011 | train loss 0.5831 | val loss 0.6070 | val AUC 0.742 | val balanced acc 0.657
Epoch 012 | train loss 0.5710 | val loss 0.6045 | val AUC 0.747 | val balanced acc 0.674
Epoch 013 | train loss 0.5656 | val loss 0.6199 | val AUC 0.748 | val balanced acc 0.657
Epoch 014 | train loss 0.5573 | val loss 0.6201 | val AUC 0.761 | val balanced acc 0.665
Epoch 015 | train loss 0.5728 | val loss 0.5872 | val AUC 0.791 | val balanced acc 0.655
Epoch 016 | train loss 0.5281 | val loss 0.5630 | val AUC 0.804 | val balanced acc 0.725
Epoch 017 | train loss 0.5131 | val loss 0.5458 | val AUC 0.820 | val balanced acc 0.767
Epoch 018 | train loss 0.4789 | val loss 0.5198 | val AUC 0.840 | val balanced acc 0.755
Epoch 019 | train loss 0.4697 | val loss 0.5098 | val AUC 0.857 | val balanced acc 0.761
Epoch 020 | train loss 0.5009 | val loss 0.5381 | val AUC 0.872 | val balanced acc 0.713
Epoch 021 | train loss 0.4175 | val loss 0.4737 | val AUC 0.880 | val balanced acc 0.801
Epoch 022 | train loss 0.4758 | val loss 0.5444 | val AUC 0.876 | val balanced acc 0.751
Epoch 023 | train loss 0.3917 | val loss 0.4708 | val AUC 0.889 | val balanced acc 0.808
Epoch 024 | train loss 0.3819 | val loss 0.4475 | val AUC 0.899 | val balanced acc 0.820
Epoch 025 | train loss 0.3564 | val loss 0.4284 | val AUC 0.909 | val balanced acc 0.837
Epoch 026 | train loss 0.3460 | val loss 0.4216 | val AUC 0.913 | val balanced acc 0.845
Epoch 027 | train loss 0.3241 | val loss 0.4261 | val AUC 0.906 | val balanced acc 0.835
Epoch 028 | train loss 0.3516 | val loss 0.4819 | val AUC 0.910 | val balanced acc 0.785
Epoch 029 | train loss 0.3159 | val loss 0.4361 | val AUC 0.919 | val balanced acc 0.819
Epoch 030 | train loss 0.3132 | val loss 0.4173 | val AUC 0.922 | val balanced acc 0.854
Epoch 031 | train loss 0.2582 | val loss 0.4249 | val AUC 0.905 | val balanced acc 0.837
Epoch 032 | train loss 0.3527 | val loss 0.4955 | val AUC 0.905 | val balanced acc 0.801
Epoch 033 | train loss 0.2332 | val loss 0.4078 | val AUC 0.922 | val balanced acc 0.867
Epoch 034 | train loss 0.2199 | val loss 0.4541 | val AUC 0.909 | val balanced acc 0.837
Epoch 035 | train loss 0.2718 | val loss 0.4746 | val AUC 0.911 | val balanced acc 0.819
Epoch 036 | train loss 0.2106 | val loss 0.4376 | val AUC 0.907 | val balanced acc 0.852
Epoch 037 | train loss 0.2797 | val loss 0.5688 | val AUC 0.901 | val balanced acc 0.806
Epoch 038 | train loss 0.1757 | val loss 0.4746 | val AUC 0.906 | val balanced acc 0.854
Epoch 039 | train loss 0.1847 | val loss 0.4513 | val AUC 0.902 | val balanced acc 0.849
Epoch 040 | train loss 0.1687 | val loss 0.4985 | val AUC 0.912 | val balanced acc 0.829
Epoch 041 | train loss 0.1835 | val loss 0.5724 | val AUC 0.912 | val balanced acc 0.791
Epoch 042 | train loss 0.1575 | val loss 0.4684 | val AUC 0.912 | val balanced acc 0.833
Epoch 043 | train loss 0.1851 | val loss 0.5627 | val AUC 0.904 | val balanced acc 0.794
Epoch 044 | train loss 0.1622 | val loss 0.4956 | val AUC 0.913 | val balanced acc 0.784
Epoch 045 | train loss 0.1636 | val loss 0.4138 | val AUC 0.925 | val balanced acc 0.850
Epoch 046 | train loss 0.1539 | val loss 0.5464 | val AUC 0.908 | val balanced acc 0.815
Epoch 047 | train loss 0.2066 | val loss 0.6394 | val AUC 0.920 | val balanced acc 0.790
Epoch 048 | train loss 0.1521 | val loss 0.5023 | val AUC 0.910 | val balanced acc 0.822
Epoch 049 | train loss 0.1468 | val loss 0.5616 | val AUC 0.898 | val balanced acc 0.815
Epoch 050 | train loss 0.1452 | val loss 0.5217 | val AUC 0.898 | val balanced acc 0.791
Epoch 051 | train loss 0.1461 | val loss 0.5852 | val AUC 0.907 | val balanced acc 0.799
Epoch 052 | train loss 0.1605 | val loss 0.5600 | val AUC 0.919 | val balanced acc 0.804
Epoch 053 | train loss 0.1562 | val loss 0.6331 | val AUC 0.907 | val balanced acc 0.789
Epoch 054 | train loss 0.1400 | val loss 0.5391 | val AUC 0.914 | val balanced acc 0.824
Epoch 055 | train loss 0.1429 | val loss 0.4965 | val AUC 0.924 | val balanced acc 0.819
Epoch 056 | train loss 0.1410 | val loss 0.5383 | val AUC 0.926 | val balanced acc 0.809
Epoch 057 | train loss 0.1418 | val loss 0.5666 | val AUC 0.911 | val balanced acc 0.819
Epoch 058 | train loss 0.1536 | val loss 0.5673 | val AUC 0.909 | val balanced acc 0.798
Epoch 059 | train loss 0.1418 | val loss 0.5932 | val AUC 0.902 | val balanced acc 0.815
Epoch 060 | train loss 0.1377 | val loss 0.5021 | val AUC 0.925 | val balanced acc 0.845
Epoch 061 | train loss 0.1375 | val loss 0.5427 | val AUC 0.917 | val balanced acc 0.817
Epoch 062 | train loss 0.1405 | val loss 0.5238 | val AUC 0.910 | val balanced acc 0.837
Epoch 063 | train loss 0.1624 | val loss 0.5662 | val AUC 0.900 | val balanced acc 0.824
Epoch 064 | train loss 0.1347 | val loss 0.6026 | val AUC 0.901 | val balanced acc 0.809
Epoch 065 | train loss 0.1367 | val loss 0.5911 | val AUC 0.902 | val balanced acc 0.820
Epoch 066 | train loss 0.1336 | val loss 0.5993 | val AUC 0.912 | val balanced acc 0.808
Epoch 067 | train loss 0.1493 | val loss 0.6285 | val AUC 0.895 | val balanced acc 0.798
Epoch 068 | train loss 0.1330 | val loss 0.5896 | val AUC 0.915 | val balanced acc 0.811
Epoch 069 | train loss 0.1334 | val loss 0.5259 | val AUC 0.921 | val balanced acc 0.835
Epoch 070 | train loss 0.1322 | val loss 0.5306 | val AUC 0.916 | val balanced acc 0.831
Epoch 071 | train loss 0.1325 | val loss 0.5693 | val AUC 0.919 | val balanced acc 0.826
Epoch 072 | train loss 0.1336 | val loss 0.5385 | val AUC 0.911 | val balanced acc 0.837
Epoch 073 | train loss 0.1338 | val loss 0.5856 | val AUC 0.908 | val balanced acc 0.810
Epoch 074 | train loss 0.1333 | val loss 0.5962 | val AUC 0.915 | val balanced acc 0.776
Epoch 075 | train loss 0.1300 | val loss 0.5519 | val AUC 0.914 | val balanced acc 0.804
Epoch 076 | train loss 0.1473 | val loss 0.6011 | val AUC 0.915 | val balanced acc 0.803
Epoch 077 | train loss 0.1350 | val loss 0.6079 | val AUC 0.919 | val balanced acc 0.806
Epoch 078 | train loss 0.1488 | val loss 0.5596 | val AUC 0.901 | val balanced acc 0.839
Epoch 079 | train loss 0.1306 | val loss 0.5615 | val AUC 0.908 | val balanced acc 0.809
Epoch 080 | train loss 0.1319 | val loss 0.5418 | val AUC 0.897 | val balanced acc 0.821
Epoch 081 | train loss 0.1311 | val loss 0.5413 | val AUC 0.900 | val balanced acc 0.841
Epoch 082 | train loss 0.1337 | val loss 0.5166 | val AUC 0.914 | val balanced acc 0.830
Epoch 083 | train loss 0.1530 | val loss 0.6397 | val AUC 0.884 | val balanced acc 0.807
Epoch 084 | train loss 0.1313 | val loss 0.5745 | val AUC 0.902 | val balanced acc 0.793
Epoch 085 | train loss 0.1355 | val loss 0.6155 | val AUC 0.904 | val balanced acc 0.818
Epoch 086 | train loss 0.1308 | val loss 0.5036 | val AUC 0.920 | val balanced acc 0.830
Early stopping at epoch 86. Best epoch: 56

========== FINAL MRI BRANCH METRICS ==========
Total MRI subjects: 1495
Paired GE+MRI subjects: 289
MRI-only subjects: 1206
MFV dimension: 128
Best epoch: 56

           Model        Input representation  MFV dimension      Split  Subjects, n  Best epoch     Loss  Accuracy  Balanced accuracy      AUC  Precision  Recall / AD sensitivity  CN specificity  F1 score  TN  FP  FN  TP
Final MRI branch 3D structural MRI -> MFV128            128      Train         1046          56 0.140879  0.993308           0.993293 0.996432   0.990950                 0.993197        0.993388  0.992072 601   4   3 438
Final MRI branch 3D structural MRI -> MFV128            128 Validation          224          56 0.538338  0.821429           0.808894 0.926234   0.831325                 0.726316        0.891473  0.775281 115  14  26  69
Final MRI branch 3D structural MRI -> MFV128            128       Test          225          56 0.556725  0.835556           0.827935 0.907611   0.822222                 0.778947        0.876923  0.800000 114  16  21  74
=============================================

Saved:
/N/project/SingleCell_Image/Ronak/Project_folder/outputs/mri_branch/final_mri_branch_model.pt
/N/project/SingleCell_Image/Ronak/Project_folder/outputs/mri_branch/final_mri_branch_config.json
/N/project/SingleCell_Image/Ronak/Project_folder/outputs/mri_branch/final_mri_branch_metrics.csv
/N/project/SingleCell_Image/Ronak/Project_folder/outputs/mri_branch/final_mri_branch_predictions.csv
/N/project/SingleCell_Image/Ronak/Project_folder/outputs/mri_branch/final_mri_branch_training_history.csv
/N/project/SingleCell_Image/Ronak/Project_folder/outputs/mri_branch/mfv_features_all_1495_mri_subjects.csv
/N/project/SingleCell_Image/Ronak/Project_folder/outputs/mri_branch/mfv_features_paired_289_subjects.csv
/N/project/SingleCell_Image/Ronak/Project_folder/outputs/mri_branch/mfv_features_mri_only_1206_subjects.csv
/N/project/SingleCell_Image/Ronak/Project_folder/outputs/tables/supplementary/Table_S7_MRI_branch_metrics.xlsx
/N/project/SingleCell_Image/Ronak/Project_folder/manifests/mri_branch_final_split_seed_42.csv
