========== TRAIN FINAL AGFV CLASSIFIER ==========
Project root: /N/project/SingleCell_Image/Ronak/Project_folder
Input AGFV file: /N/project/SingleCell_Image/Ronak/Project_folder/outputs/aligned_gfv/aligned_gfv_combined_1508_subjects.csv
Output dir: /N/project/SingleCell_Image/Ronak/Project_folder/outputs/final_agfv_classifier
=================================================

Input shape: (1508, 140)
AGFV columns: 128

Split counts:
split
Train         1059
Test           225
Validation     224
Name: count, dtype: int64

Split x diagnosis:
diagnosis    AD   CN
split               
Test         95  130
Train       446  613
Validation   95  129

AGFV source x split:
split                 Test  Train  Validation
agfv_source                                  
measured_gfv_encoder    44    215          43
mri_mfv_encoder        181    844         181

C=0.001   | Train AUC=0.998, Train bacc=0.995 | Val AUC=0.907, Val bacc=0.829 | Score=1.736
C=0.003   | Train AUC=0.998, Train bacc=0.995 | Val AUC=0.909, Val bacc=0.829 | Score=1.737
C=0.01    | Train AUC=0.998, Train bacc=0.995 | Val AUC=0.914, Val bacc=0.829 | Score=1.742
C=0.03    | Train AUC=0.999, Train bacc=0.995 | Val AUC=0.918, Val bacc=0.823 | Score=1.742
C=0.1     | Train AUC=0.999, Train bacc=0.996 | Val AUC=0.924, Val bacc=0.839 | Score=1.763
C=0.3     | Train AUC=0.999, Train bacc=0.997 | Val AUC=0.928, Val bacc=0.844 | Score=1.772
C=1.0     | Train AUC=1.000, Train bacc=0.998 | Val AUC=0.914, Val bacc=0.846 | Score=1.760
C=3.0     | Train AUC=1.000, Train bacc=0.998 | Val AUC=0.919, Val bacc=0.846 | Score=1.765
C=10.0    | Train AUC=1.000, Train bacc=0.998 | Val AUC=0.906, Val bacc=0.847 | Score=1.753
C=30.0    | Train AUC=1.000, Train bacc=0.998 | Val AUC=0.903, Val bacc=0.840 | Score=1.743
C=100.0   | Train AUC=1.000, Train bacc=0.998 | Val AUC=0.889, Val bacc=0.839 | Score=1.727

========== BEST FINAL AGFV CLASSIFIER ==========
Best C: 0.3
Best validation selection score: 1.7721308229294166
================================================

========== FINAL AGFV CLASSIFIER METRICS ==========
                         Model      Split             Subgroup  Subjects, n  AD, n  CN, n      AUC  Accuracy  Balanced accuracy  Precision  AD sensitivity  CN specificity       F1  TN  FP  FN  TP
Final AGFV logistic classifier      Train              Overall         1059    446    613 0.999225  0.997167           0.997248   0.995526        0.997758        0.996737 0.996641 611   2   1 445
Final AGFV logistic classifier      Train measured_gfv_encoder          215     64    151 1.000000  1.000000           1.000000   1.000000        1.000000        1.000000 1.000000 151   0   0  64
Final AGFV logistic classifier      Train      mri_mfv_encoder          844    382    462 0.999133  0.996445           0.996527   0.994778        0.997382        0.995671 0.996078 460   2   1 381
Final AGFV logistic classifier Validation              Overall          224     95    129 0.927785  0.852679           0.844349   0.852273        0.789474        0.899225 0.819672 116  13  20  75
Final AGFV logistic classifier Validation measured_gfv_encoder           43     13     30 0.974359  0.883721           0.894872   0.750000        0.923077        0.866667 0.827586  26   4   1  12
Final AGFV logistic classifier Validation      mri_mfv_encoder          181     82     99 0.926460  0.845304           0.838692   0.875000        0.768293        0.909091 0.818182  90   9  19  63
Final AGFV logistic classifier       Test              Overall          225     95    130 0.876761  0.831111           0.826923   0.800000        0.800000        0.853846 0.800000 111  19  19  76
Final AGFV logistic classifier       Test measured_gfv_encoder           44     13     31 0.970223  0.886364           0.897022   0.750000        0.923077        0.870968 0.827586  27   4   1  12
Final AGFV logistic classifier       Test      mri_mfv_encoder          181     82     99 0.860803  0.817680           0.814486   0.810127        0.780488        0.848485 0.795031  84  15  18  64
===================================================

Saved:
/N/project/SingleCell_Image/Ronak/Project_folder/outputs/final_agfv_classifier/final_agfv_classifier_model.pkl
/N/project/SingleCell_Image/Ronak/Project_folder/outputs/final_agfv_classifier/final_agfv_classifier_scaler.pkl
/N/project/SingleCell_Image/Ronak/Project_folder/outputs/final_agfv_classifier/final_agfv_classifier_config.json
/N/project/SingleCell_Image/Ronak/Project_folder/outputs/final_agfv_classifier/final_agfv_classifier_metrics.csv
/N/project/SingleCell_Image/Ronak/Project_folder/outputs/final_agfv_classifier/final_agfv_classifier_all_model_metrics.csv
/N/project/SingleCell_Image/Ronak/Project_folder/outputs/final_agfv_classifier/final_agfv_classifier_predictions.csv
/N/project/SingleCell_Image/Ronak/Project_folder/outputs/tables/main/Table_2_Final_AGFV_classifier_performance.xlsx
/N/project/SingleCell_Image/Ronak/Project_folder/outputs/tables/supplementary/Table_S16_Final_AGFV_classifier_metrics.xlsx

STATUS: DONE
